[1/117] Automatic MOC and UIC for target DMHelper
[2/116] Building CXX object CMakeFiles\DMHelper.dir\battledialogeffectsettingssmoke.cpp.obj
[3/116] Building CXX object CMakeFiles\DMHelper.dir\audiotrackedit.cpp.obj
[4/116] Building CXX object CMakeFiles\DMHelper.dir\battledialogeffectsettingsfire.cpp.obj
[5/116] Building CXX object CMakeFiles\DMHelper.dir\battledialogeffectsettingssparks.cpp.obj
[6/116] Building CXX object CMakeFiles\DMHelper.dir\battledialogeffectsettingslight.cpp.obj
[7/116] Building CXX object CMakeFiles\DMHelper.dir\battlecombatantwidget.cpp.obj
[8/116] Building CXX object CMakeFiles\DMHelper.dir\battledialogeffectsettings.cpp.obj
[9/116] Building CXX object CMakeFiles\DMHelper.dir\audioplaybackframe.cpp.obj
[10/116] Building CXX object CMakeFiles\DMHelper.dir\aboutdialog.cpp.obj
[11/116] Building CXX object CMakeFiles\DMHelper.dir\battledialogeffectsettingsobjectvideo.cpp.obj
[12/116] Building CXX object CMakeFiles\DMHelper.dir\campaignnotesdialog.cpp.obj
[13/116] Building CXX object CMakeFiles\DMHelper.dir\characterimportdialog.cpp.obj
[14/116] Building CXX object CMakeFiles\DMHelper.dir\battledialoglogview.cpp.obj
[15/116] Building CXX object CMakeFiles\DMHelper.dir\characterimportheroforgedialog.cpp.obj
[16/116] Building CXX object CMakeFiles\DMHelper.dir\bestiaryexportdialog.cpp.obj
[17/116] Building CXX object CMakeFiles\DMHelper.dir\bestiaryfindtokendialog.cpp.obj
[18/116] Building CXX object CMakeFiles\DMHelper.dir\bestiarypopulatetokensdialog.cpp.obj
[19/116] Building CXX object CMakeFiles\DMHelper.dir\bestiarytemplatedialog.cpp.obj
[20/116] Building CXX object CMakeFiles\DMHelper.dir\charactertemplateframe.cpp.obj
[21/116] Building CXX object CMakeFiles\DMHelper.dir\battleframe.cpp.obj
[22/116] Building CXX object CMakeFiles\DMHelper.dir\clockframe.cpp.obj
[23/116] Building CXX object CMakeFiles\DMHelper.dir\combatantrolloverframe.cpp.obj
[24/116] Building CXX object CMakeFiles\DMHelper.dir\combatantwidgetbase.cpp.obj
[25/116] Building CXX object CMakeFiles\DMHelper.dir\combatantselectdialog.cpp.obj
[26/116] Building CXX object CMakeFiles\DMHelper.dir\combatantdialog.cpp.obj
[27/116] Building CXX object CMakeFiles\DMHelper.dir\configurelockedgriddialog.cpp.obj
[28/116] Building CXX object CMakeFiles\DMHelper.dir\countdownframe.cpp.obj
[29/116] Building CXX object CMakeFiles\DMHelper.dir\combatantgroupwidget.cpp.obj
[30/116] Building CXX object CMakeFiles\DMHelper.dir\countdownsubframe.cpp.obj
[31/116] Building CXX object CMakeFiles\DMHelper.dir\dicerollframe.cpp.obj
[32/116] Building CXX object CMakeFiles\DMHelper.dir\dmhwaitingdialog.cpp.obj
[33/116] Building CXX object CMakeFiles\DMHelper.dir\dicerolldialog.cpp.obj
[34/116] Building CXX object CMakeFiles\DMHelper.dir\emptycampaignframe.cpp.obj
[35/116] Building CXX object CMakeFiles\DMHelper.dir\expertisedialog.cpp.obj
[36/116] Building CXX object CMakeFiles\DMHelper.dir\dicerolldialogcombatants.cpp.obj
[37/116] Building CXX object CMakeFiles\DMHelper.dir\customtableframe.cpp.obj
[38/116] Building CXX object CMakeFiles\DMHelper.dir\encountertext.cpp.obj
[39/116] Building CXX object CMakeFiles\DMHelper.dir\dmscreentabwidget.cpp.obj
[40/116] Building CXX object CMakeFiles\DMHelper.dir\encountertextedit.cpp.obj
[41/116] Building CXX object CMakeFiles\DMHelper.dir\helpdialog.cpp.obj
[42/116] Building CXX object CMakeFiles\DMHelper.dir\fearframe.cpp.obj
[43/116] Building CXX object CMakeFiles\DMHelper.dir\initiativelistdialog.cpp.obj
[44/116] Building CXX object CMakeFiles\DMHelper.dir\initiativelistcombatantwidget.cpp.obj
[45/116] Building CXX object CMakeFiles\DMHelper.dir\globalsearchframe.cpp.obj
[46/116] Building CXX object CMakeFiles\DMHelper.dir\initiativeeventwidget.cpp.obj
[47/116] Building CXX object CMakeFiles\DMHelper.dir\itemselectdialog.cpp.obj
[48/116] Building CXX object CMakeFiles\DMHelper.dir\exportdialog.cpp.obj
[49/116] Building CXX object CMakeFiles\DMHelper.dir\layerdrawtooldialog.cpp.obj
[50/116] Building CXX object CMakeFiles\DMHelper.dir\layerblank.cpp.obj
[51/116] Building CXX object CMakeFiles\DMHelper.dir\layereffectsettings.cpp.obj
[52/116] Building CXX object CMakeFiles\DMHelper.dir\layervideoeffectsettings.cpp.obj
[53/116] Building CXX object CMakeFiles\DMHelper.dir\layerparticlesettings.cpp.obj
[54/116] Building CXX object CMakeFiles\DMHelper.dir\layerimage.cpp.obj
[55/116] Building CXX object CMakeFiles\DMHelper.dir\layerframe.cpp.obj
[56/116] Building CXX object CMakeFiles\DMHelper.dir\layerfowsettings.cpp.obj
[57/116] Building CXX object CMakeFiles\DMHelper.dir\legaldialog.cpp.obj
[58/116] Building CXX object CMakeFiles\DMHelper.dir\layerseditdialog.cpp.obj
[59/116] Building CXX object CMakeFiles\DMHelper.dir\mapblankdialog.cpp.obj
[60/116] Building CXX object CMakeFiles\DMHelper.dir\mapcolorizedialog.cpp.obj
[61/116] Building CXX object CMakeFiles\DMHelper.dir\monsteractionframe.cpp.obj
[62/116] Building CXX object CMakeFiles\DMHelper.dir\monsteractioneditdialog.cpp.obj
[63/116] Building CXX object CMakeFiles\DMHelper.dir\mapmarkerdialog.cpp.obj
[64/116] Building CXX object CMakeFiles\DMHelper.dir\mapselectdialog.cpp.obj
[65/116] Building CXX object CMakeFiles\DMHelper.dir\newcampaigndialog.cpp.obj
[66/116] Building CXX object CMakeFiles\DMHelper.dir\mainwindow.cpp.obj
[67/116] Building CXX object CMakeFiles\DMHelper.dir\mapframe.cpp.obj
[68/116] Building CXX object CMakeFiles\DMHelper.dir\mapmanagerdialog.cpp.obj
[69/116] Building CXX object CMakeFiles\DMHelper.dir\newentrydialog.cpp.obj
[70/116] Building CXX object CMakeFiles\DMHelper.dir\objectimportdialog.cpp.obj
[71/116] Building CXX object CMakeFiles\DMHelper.dir\overlayframe.cpp.obj
[72/116] Building CXX object CMakeFiles\DMHelper.dir\partyframecharacter.cpp.obj
[73/116] Building CXX object CMakeFiles\DMHelper.dir\partycharactergridframe.cpp.obj
[74/116] Building CXX object CMakeFiles\DMHelper.dir\optionsdialog.cpp.obj
[75/116] Building CXX object CMakeFiles\DMHelper.dir\overlayseditdialog.cpp.obj
[76/116] Building CXX object CMakeFiles\DMHelper.dir\presentupdatedialog.cpp.obj
[77/116] Building CXX object CMakeFiles\DMHelper.dir\partyframe.cpp.obj
[78/116] Building CXX object CMakeFiles\DMHelper.dir\popupspreviewframe.cpp.obj
[79/116] Building CXX object CMakeFiles\DMHelper.dir\publishbuttonframe.cpp.obj
[80/116] Building CXX object CMakeFiles\DMHelper.dir\publishframe.cpp.obj
[81/116] Building CXX object CMakeFiles\DMHelper.dir\publishglbattlebackground.cpp.obj
[82/116] Building CXX object CMakeFiles\DMHelper.dir\publishbuttonribbon.cpp.obj
[83/116] Building CXX object CMakeFiles\DMHelper.dir\publishglimage.cpp.obj
[84/116] Building CXX object CMakeFiles\DMHelper.dir\quickrefdatawidget.cpp.obj
[85/116] Building CXX object CMakeFiles\DMHelper.dir\publishglbattletoken.cpp.obj
[86/116] Building CXX object CMakeFiles\DMHelper.dir\quickrefframe.cpp.obj
[87/116] Building CXX object CMakeFiles\DMHelper.dir\publishglbattleeffect.cpp.obj
[88/116] Building CXX object CMakeFiles\DMHelper.dir\ribbonframetext.cpp.obj
[89/116] Building CXX object CMakeFiles\DMHelper.dir\randommarketdialog.cpp.obj
[90/116] Building CXX object CMakeFiles\DMHelper.dir\ribbontabbattle.cpp.obj
[91/116] Building CXX object CMakeFiles\DMHelper.dir\ribbontabaudio.cpp.obj
[92/116] Building CXX object CMakeFiles\DMHelper.dir\ribbontabfile.cpp.obj
[93/116] Building CXX object CMakeFiles\DMHelper.dir\ribbontabbattlemap.cpp.obj
[94/116] Building CXX object CMakeFiles\DMHelper.dir\ribbontabcampaign.cpp.obj
[95/116] Building CXX object CMakeFiles\DMHelper.dir\ribbontabbattleview.cpp.obj
[96/116] Building CXX object CMakeFiles\DMHelper.dir\ribbontabtext.cpp.obj
[97/116] Building CXX object CMakeFiles\DMHelper.dir\ribbontabmap.cpp.obj
[98/116] Building CXX object CMakeFiles\DMHelper.dir\ribbontabtools.cpp.obj
[99/116] Building CXX object CMakeFiles\DMHelper.dir\ribbontabworldmap.cpp.obj
[100/116] Building CXX object CMakeFiles\DMHelper.dir\selectitemdialog.cpp.obj
[101/116] Building CXX object CMakeFiles\DMHelper.dir\selectstringdialog.cpp.obj
[102/116] Building CXX object CMakeFiles\DMHelper.dir\selectzoom.cpp.obj
[103/116] Building CXX object CMakeFiles\DMHelper.dir\soundboardgroupframe.cpp.obj
[104/116] Building CXX object CMakeFiles\DMHelper.dir\selectcombatantdialog.cpp.obj
[105/116] Building CXX object CMakeFiles\DMHelper.dir\soundboardframe.cpp.obj
[106/116] Building CXX object CMakeFiles\DMHelper.dir\soundboardtrackframe.cpp.obj
[107/116] Building CXX object CMakeFiles\DMHelper.dir\templateresourcelayout.cpp.obj
[108/116] Building CXX object CMakeFiles\DMHelper.dir\textpublishdialog.cpp.obj
[109/116] Building CXX object CMakeFiles\DMHelper.dir\spellbooktemplatedialog.cpp.obj
[110/116] Building CXX object CMakeFiles\DMHelper.dir\timeanddateframe.cpp.obj
[111/116] Building CXX object CMakeFiles\DMHelper.dir\texttranslatedialog.cpp.obj
[112/116] Building CXX object CMakeFiles\DMHelper.dir\tokeneditdialog.cpp.obj
[113/116] Building CXX object CMakeFiles\DMHelper.dir\undomarker.cpp.obj
[114/116] Building CXX object CMakeFiles\DMHelper.dir\welcomeframe.cpp.obj
[115/116] Building CXX object CMakeFiles\DMHelper.dir\whatsnewdialog.cpp.obj
[116/116] Linking CXX executable DMHelper.exe
